../Drivers/CMSIS/Include/core_cm4.h:1933:34:__NVIC_SystemReset	4	static,ignoring_inline_asm
../LoRaWAN/App/lora_app.c:348:6:LoRaWAN_Init	32	static
../LoRaWAN/App/lora_app.c:474:13:OnRxData	56	static
../LoRaWAN/App/lora_app.c:554:13:SendTxData	80	static
../LoRaWAN/App/lora_app.c:668:13:OnTxTimerEvent	16	static
../LoRaWAN/App/lora_app.c:683:13:OnTxTimerLedEvent	16	static
../LoRaWAN/App/lora_app.c:688:13:OnRxTimerLedEvent	16	static
../LoRaWAN/App/lora_app.c:693:13:OnJoinTimerLedEvent	16	static
../LoRaWAN/App/lora_app.c:700:13:OnTxData	32	static
../LoRaWAN/App/lora_app.c:729:13:OnJoinRequest	24	static
../LoRaWAN/App/lora_app.c:759:13:OnBeaconStatusChange	96	static
../LoRaWAN/App/lora_app.c:794:13:OnSysTimeUpdate	4	static
../LoRaWAN/App/lora_app.c:801:13:OnClassChange	24	static
../LoRaWAN/App/lora_app.c:808:13:OnMacProcessNotify	8	static
../LoRaWAN/App/lora_app.c:820:13:OnTxPeriodicityChanged	16	static
../LoRaWAN/App/lora_app.c:842:13:OnTxFrameCtrlChanged	16	static
../LoRaWAN/App/lora_app.c:853:13:OnPingSlotPeriodicityChanged	16	static
../LoRaWAN/App/lora_app.c:864:13:OnSystemReset	8	static
../LoRaWAN/App/lora_app.c:878:13:StopJoin	8	static
../LoRaWAN/App/lora_app.c:915:13:OnStopJoinTimerEvent	16	static
../LoRaWAN/App/lora_app.c:931:13:StoreContext	16	static
../LoRaWAN/App/lora_app.c:953:13:OnNvmDataChange	16	static
../LoRaWAN/App/lora_app.c:971:13:OnStoreContextRequest	16	static
../LoRaWAN/App/lora_app.c:986:13:OnRestoreContextRequest	16	static
